\  /  \  /  \  /  \  /  \  /  \  /  \  /  \  /  \  /  \  /  \  /  \  /  \  /  \  /  \  /  \  /  
 \/    \/    \/    \/    \/    \/    \/    \/    \/    \/    \/    \/    \/    \/    \/    \/   
 /\    /\    /\    /\    /\    /\    /\    /\    /\    /\    /\    /\    /\    /\    /\    /\   
/  \  /  \  /  \  /  \  /  \  /  \  /  \  /  \  /  \  /  \  /  \  /  \  /  \  /  \  /  \  /  \  

\  /  \  /  \  /  \  /  \  /  \  /  \  /  \  /  \  /  \  /  \  /  \  /  \  /  \  /  \  /  \  /  
 \/    \/    \/    \/    \/    \/    \/    \/    \/    \/    \/    \/    \/    \/    \/    \/   
 /\    /\    /\    /\    /\    /\    /\    /\    /\    /\    /\    /\    /\    /\    /\    /\   
/  \  /  \  /  \  /  \  /  \  /  \  /  \  /  \  /  \  /  \  /  \  /  \  /  \  /  \  /  \  /  \  

\  /  \  /  \  /  \  /  \  /  \  /  \  /  1111  \  /  \  /  \  /  \  /  \  /  \  /  \  /  \  /  
 \/    \/    \/    \/    \/    \/    \/   2222   \/    \/    \/    \/    \/    \/    \/    \/   
 /\    /\    /\    /\    /\    /\    /\   3333   /\    /\    /\    /\    /\    /\    /\    /\   
/  \  /  \  /  \  /  \  /  \  /  \  /  \  4444  /  \  /  \  /  \  /  \  /  \  /  \  /  \  /  \  

1017  \  /  \  /  \  /  \  /  \  /  \  /  \  /  \  /  \  /  \  /  \  /  \  /  \  /  \  /  \  /  
1018   \/    \/    \/    \/    \/    \/    \/    \/    \/    \/    \/    \/    \/    \/    \/   
1019   /\    /\    /\    /\    /\    /\    /\    /\    /\    /\    /\    /\    /\    /\    /\   
1020  /  \  /  \  /  \  /  \  /  \  /  \  /  \  /  \  /  \  /  \  /  \  /  \  /  \  /  \  /  \  

\  /  \  /  \  /  \  /  \  /  \  /  \  /  \  /  \  /  \  /  \  /  \  /  \  /  \  /  \  /  \  /  
 \/    \/    \/    \/    \/    \/    \/    \/    \/    \/    \/    \/    \/    \/    \/    \/   
 /\    /\    /\    /\    /\    /\    /\    /\    /\    /\    /\    /\    /\    /\    /\    /\   
/  \  /  \  /  \  /  \  /  \  /  \  /  \  /  \  /  \  /  \  /  \  /  \  /  \  /  \  /  \  /  \  

\  /  \  /  \  /  \  /  \  /  \  /  \  /  \  /  \  /  \  /  \  /  \  /  \  /  \  /  \  /  \  /  
 \/    \/    \/    \/    \/    \/    \/    \/    \/    \/    \/    \/    \/    \/    \/    \/   
 /\    /\    /\    /\    /\    /\    /\    /\    /\    /\    /\    /\    /\    /\    /\    /\   
/  \  /  \  /  \  /  \  /  \  /  \  /  \  /  \  /  \  /  \  /  \  /  \  /  \  /  \  /  \  /  \  

\  /  \  /  \  /  \  /  \  /  \  /  \  /  \  /  \  /  1013  \  /  \  /  \  /  \  /  \  /  \  /  
 \/    \/    \/    \/    \/    \/    \/    \/    \/   1014   \/    \/    \/    \/    \/    \/   
 /\    /\    /\    /\    /\    /\    /\    /\    /\   1015   /\    /\    /\    /\    /\    /\   
/  \  /  \  /  \  /  \  /  \  /  \  /  \  /  \  /  \  1016  /  \  /  \  /  \  /  \  /  \  /  \  

\  /  \  /  \  /  5555  \  /  \  /  \  /  \  /  \  /  \  /  \  /  \  /  \  /  \  /  \  /  \  /  
 \/    \/    \/   6666   \/    \/    \/    \/    \/    \/    \/    \/    \/    \/    \/    \/   
 /\    /\    /\   7777   /\    /\    /\    /\    /\    /\    /\    /\    /\    /\    /\    /\   
/  \  /  \  /  \  8888  /  \  /  \  /  \  /  \  /  \  /  \  /  \  /  \  /  \  /  \  /  \  /  \  

\  /  \  /  \  /  \  /  \  /  \  /  \  /  \  /  \  /  \  /  \  /  \  /  \  /  \  /  \  /  \  /  
 \/    \/    \/    \/    \/    \/    \/    \/    \/    \/    \/    \/    \/    \/    \/    \/   
 /\    /\    /\    /\    /\    /\    /\    /\    /\    /\    /\    /\    /\    /\    /\    /\   
/  \  /  \  /  \  /  \  /  \  /  \  /  \  /  \  /  \  /  \  /  \  /  \  /  \  /  \  /  \  /  \  

\  /  \  /  \  /  \  /  \  /  \  /  \  /  \  /  \  /  \  /  \  /  \  /  \  /  \  /  \  /  \  /  
 \/    \/    \/    \/    \/    \/    \/    \/    \/    \/    \/    \/    \/    \/    \/    \/   
 /\    /\    /\    /\    /\    /\    /\    /\    /\    /\    /\    /\    /\    /\    /\    /\   
/  \  /  \  /  \  /  \  /  \  /  \  /  \  /  \  /  \  /  \  /  \  /  \  /  \  /  \  /  \  /  \  

\  /  \  /  \  /  \  /  \  /  \  /  \  /  \  /  \  /  \  /  \  /  \  /  \  /  \  /  \  /  \  /  
 \/    \/    \/    \/    \/    \/    \/    \/    \/    \/    \/    \/    \/    \/    \/    \/   
 /\    /\    /\    /\    /\    /\    /\    /\    /\    /\    /\    /\    /\    /\    /\    /\   
/  \  /  \  /  \  /  \  /  \  /  \  /  \  /  \  /  \  /  \  /  \  /  \  /  \  /  \  /  \  /  \  

\  /  \  /  \  /  \  /  \  /  \  /  \  /  \  /  \  /  \  /  \  /  \  /  \  /  \  /  \  /  \  /  
 \/    \/    \/    \/    \/    \/    \/    \/    \/    \/    \/    \/    \/    \/    \/    \/   
 /\    /\    /\    /\    /\    /\    /\    /\    /\    /\    /\    /\    /\    /\    /\    /\   
/  \  /  \  /  \  /  \  /  \  /  \  /  \  /  \  /  \  /  \  /  \  /  \  /  \  /  \  /  \  /  \  

\  /  9999  \  /  \  /  \  /  \  /  \  /  \  /  \  /  \  /  \  /  \  /  \  /  \  /  \  /  \  /  
 \/   1010   \/    \/    \/    \/    \/    \/    \/    \/    \/    \/    \/    \/    \/    \/   
 /\   1011   /\    /\    /\    /\    /\    /\    /\    /\    /\    /\    /\    /\    /\    /\   
/  \  1012  /  \  /  \  /  \  /  \  /  \  /  \  /  \  /  \  /  \  /  \  /  \  /  \  /  \  /  \  

\  /  \  /  \  /  \  /  \  /  \  /  \  /  \  /  \  /  \  /  \  /  \  /  \  /  \  /  \  /  \  /  
 \/    \/    \/    \/    \/    \/    \/    \/    \/    \/    \/    \/    \/    \/    \/    \/   
 /\    /\    /\    /\    /\    /\    /\    /\    /\    /\    /\    /\    /\    /\    /\    /\   
/  \  /  \  /  \  /  \  /  \  /  \  /  \  /  \  /  \  /  \  /  \  /  \  /  \  /  \  /  \  /  \  

\  /  \  /  \  /  \  /  \  /  \  /  \  /  \  /  \  /  \  /  \  /  \  /  \  /  \  /  \  /  \  /  
 \/    \/    \/    \/    \/    \/    \/    \/    \/    \/    \/    \/    \/    \/    \/    \/   
 /\    /\    /\    /\    /\    /\    /\    /\    /\    /\    /\    /\    /\    /\    /\    /\   
/  \  /  \  /  \  /  \  /  \  /  \  /  \  /  \  /  \  /  \  /  \  /  \  /  \  /  \  /  \  /  \  

\  /  \  /  \  /  \  /  \  /  \  /  \  /  \  /  \  /  \  /  \  /  \  /  \  /  \  /  \  /  \  /  
 \/    \/    \/    \/    \/    \/    \/    \/    \/    \/    \/    \/    \/    \/    \/    \/   
 /\    /\    /\    /\    /\    /\    /\    /\    /\    /\    /\    /\    /\    /\    /\    /\   
/  \  /  \  /  \  /  \  /  \  /  \  /  \  /  \  /  \  /  \  /  \  /  \  /  \  /  \  /  \  /  \  


