\  /  \  /  \  /  \  /  \  /  \  /  \  /  \  /  \  /  \  /  \  /  \  /  \  /  \  /  \  /  \  /  
 \/    \/    \/    \/    \/    \/    \/    \/    \/    \/    \/    \/    \/    \/    \/    \/   
 /\    /\    /\    /\    /\    /\    /\    /\    /\    /\    /\    /\    /\    /\    /\    /\   
/  \  /  \  /  \  /  \  /  \  /  \  /  \  /  \  /  \  /  \  /  \  /  \  /  \  /  \  /  \  /  \  

\  /  \  /  \  /  \  /  \  /  \  /  \  /  \  /  \  /  \  /  \  /  \  /  \  /  \  /  \  /  \  /  
 \/    \/    \/    \/    \/    \/    \/    \/    \/    \/    \/    \/    \/    \/    \/    \/   
 /\    /\    /\    /\    /\    /\    /\    /\    /\    /\    /\    /\    /\    /\    /\    /\   
/  \  /  \  /  \  /  \  /  \  /  \  /  \  /  \  /  \  /  \  /  \  /  \  /  \  /  \  /  \  /  \  

\  /  \  /  \  /  \  /  \  /  \  /  \  /  1111  \  /  \  /  \  /  \  /  \  /  \  /  \  /  \  /  
 \/    \/    \/    \/    \/    \/    \/   2222   \/    \/    \/    \/    \/    \/    \/    \/   
 /\    /\    /\    /\    /\    /\    /\   3333   /\    /\    /\    /\    /\    /\    /\    /\   
/  \  /  \  /  \  /  \  /  \  /  \  /  \  4444  /  \  /  \  /  \  /  \  /  \  /  \  /  \  /  \  

\  /  \  /  \  /  \  /  \  /  \  /  \  /  \  /  \  /  \  /  \  /  \  /  \  /  \  /  \  /  \  /  
 \/    \/    \/    \/    \/    \/    \/    \/    \/    \/    \/    \/    \/    \/    \/    \/   
 /\    /\    /\    /\    /\    /\    /\    /\    /\    /\    /\    /\    /\    /\    /\    /\   
/  \  /  \  /  \  /  \  /  \  /  \  /  \  /  \  /  \  /  \  /  \  /  \  /  \  /  \  /  \  /  \  

\  /  \  /  \  /  \  /  \  /  \  /  \  /  \  /  \  /  \  /  \  /  \  /  \  /  \  /  \  /  \  /  
 \/    \/    \/    \/    \/    \/    \/    \/    \/    \/    \/    \/    \/    \/    \/    \/   
 /\    /\    /\    /\    /\    /\    /\    /\    /\    /\    /\    /\    /\    /\    /\    /\   
/  \  /  \  /  \  /  \  /  \  /  \  /  \  /  \  /  \  /  \  /  \  /  \  /  \  /  \  /  \  /  \  

\  /  \  /  \  /  \  /  \  /  \  /  \  /  \  /  \  /  \  /  \  /  \  /  \  /  \  /  \  /  \  /  
 \/    \/    \/    \/    \/    \/    \/    \/    \/    \/    \/    \/    \/    \/    \/    \/   
 /\    /\    /\    /\    /\    /\    /\    /\    /\    /\    /\    /\    /\    /\    /\    /\   
/  \  /  \  /  \  /  \  /  \  /  \  /  \  /  \  /  \  /  \  /  \  /  \  /  \  /  \  /  \  /  \  

\  /  \  /  \  /  \  /  \  /  \  /  \  /  \  /  \  /  \  /  \  /  \  /  \  /  \  /  \  /  \  /  
 \/    \/    \/    \/    \/    \/    \/    \/    \/    \/    \/    \/    \/    \/    \/    \/   
 /\    /\    /\    /\    /\    /\    /\    /\    /\    /\    /\    /\    /\    /\    /\    /\   
/  \  /  \  /  \  /  \  /  \  /  \  /  \  /  \  /  \  /  \  /  \  /  \  /  \  /  \  /  \  /  \  

\  /  \  /  \  /  5555  \  /  \  /  \  /  \  /  \  /  \  /  \  /  \  /  \  /  \  /  \  /  \  /  
 \/    \/    \/   6666   \/    \/    \/    \/    \/    \/    \/    \/    \/    \/    \/    \/   
 /\    /\    /\   7777   /\    /\    /\    /\    /\    /\    /\    /\    /\    /\    /\    /\   
/  \  /  \  /  \  8888  /  \  /  \  /  \  /  \  /  \  /  \  /  \  /  \  /  \  /  \  /  \  /  \  

\  /  \  /  \  /  \  /  \  /  \  /  \  /  \  /  \  /  \  /  \  /  \  /  \  /  \  /  \  /  \  /  
 \/    \/    \/    \/    \/    \/    \/    \/    \/    \/    \/    \/    \/    \/    \/    \/   
 /\    /\    /\    /\    /\    /\    /\    /\    /\    /\    /\    /\    /\    /\    /\    /\   
/  \  /  \  /  \  /  \  /  \  /  \  /  \  /  \  /  \  /  \  /  \  /  \  /  \  /  \  /  \  /  \  

\  /  \  /  \  /  \  /  \  /  \  /  \  /  \  /  \  /  \  /  \  /  \  /  \  /  \  /  \  /  \  /  
 \/    \/    \/    \/    \/    \/    \/    \/    \/    \/    \/    \/    \/    \/    \/    \/   
 /\    /\    /\    /\    /\    /\    /\    /\    /\    /\    /\    /\    /\    /\    /\    /\   
/  \  /  \  /  \  /  \  /  \  /  \  /  \  /  \  /  \  /  \  /  \  /  \  /  \  /  \  /  \  /  \  

\  /  \  /  \  /  \  /  \  /  \  /  \  /  \  /  \  /  \  /  \  /  \  /  \  /  \  /  \  /  \  /  
 \/    \/    \/    \/    \/    \/    \/    \/    \/    \/    \/    \/    \/    \/    \/    \/   
 /\    /\    /\    /\    /\    /\    /\    /\    /\    /\    /\    /\    /\    /\    /\    /\   
/  \  /  \  /  \  /  \  /  \  /  \  /  \  /  \  /  \  /  \  /  \  /  \  /  \  /  \  /  \  /  \  

\  /  \  /  \  /  \  /  \  /  \  /  \  /  \  /  \  /  \  /  \  /  \  /  \  /  \  /  \  /  \  /  
 \/    \/    \/    \/    \/    \/    \/    \/    \/    \/    \/    \/    \/    \/    \/    \/   
 /\    /\    /\    /\    /\    /\    /\    /\    /\    /\    /\    /\    /\    /\    /\    /\   
/  \  /  \  /  \  /  \  /  \  /  \  /  \  /  \  /  \  /  \  /  \  /  \  /  \  /  \  /  \  /  \  

\  /  9999  \  /  \  /  \  /  \  /  \  /  \  /  \  /  \  /  \  /  \  /  \  /  \  /  \  /  \  /  
 \/   1010   \/    \/    \/    \/    \/    \/    \/    \/    \/    \/    \/    \/    \/    \/   
 /\   1011   /\    /\    /\    /\    /\    /\    /\    /\    /\    /\    /\    /\    /\    /\   
/  \  1012  /  \  /  \  /  \  /  \  /  \  /  \  /  \  /  \  /  \  /  \  /  \  /  \  /  \  /  \  

\  /  \  /  \  /  \  /  \  /  \  /  \  /  \  /  \  /  \  /  \  /  \  /  \  /  \  /  \  /  \  /  
 \/    \/    \/    \/    \/    \/    \/    \/    \/    \/    \/    \/    \/    \/    \/    \/   
 /\    /\    /\    /\    /\    /\    /\    /\    /\    /\    /\    /\    /\    /\    /\    /\   
/  \  /  \  /  \  /  \  /  \  /  \  /  \  /  \  /  \  /  \  /  \  /  \  /  \  /  \  /  \  /  \  

\  /  \  /  \  /  \  /  \  /  \  /  \  /  \  /  \  /  \  /  \  /  \  /  \  /  \  /  \  /  \  /  
 \/    \/    \/    \/    \/    \/    \/    \/    \/    \/    \/    \/    \/    \/    \/    \/   
 /\    /\    /\    /\    /\    /\    /\    /\    /\    /\    /\    /\    /\    /\    /\    /\   
/  \  /  \  /  \  /  \  /  \  /  \  /  \  /  \  /  \  /  \  /  \  /  \  /  \  /  \  /  \  /  \  

\  /  \  /  \  /  \  /  \  /  \  /  \  /  \  /  \  /  \  /  \  /  \  /  \  /  \  /  \  /  \  /  
 \/    \/    \/    \/    \/    \/    \/    \/    \/    \/    \/    \/    \/    \/    \/    \/   
 /\    /\    /\    /\    /\    /\    /\    /\    /\    /\    /\    /\    /\    /\    /\    /\   
/  \  /  \  /  \  /  \  /  \  /  \  /  \  /  \  /  \  /  \  /  \  /  \  /  \  /  \  /  \  /  \  


\  /  \  /  
 \/    \/   
 /\    /\   
/  \  /  \  

\  /  \  /  
 \/    \/   
 /\    /\   
/  \  /  \  



The following piece has been found:
1013  
1014  
1015  
1016  

The cell that you request is empty!

\  /  \  /  
 \/    \/   
 /\    /\   
/  \  /  \  

1013  \  /  
1014   \/   
1015   /\   
1016  /  \  



