\  /  \  /  \  /  \  /  \  /  \  /  \  /  \  /  
 \/    \/    \/    \/    \/    \/    \/    \/   
 /\    /\    /\    /\    /\    /\    /\    /\   
/  \  /  \  /  \  /  \  /  \  /  \  /  \  /  \  

\  /  \  /  \  /  \  /  \  /  \  /  \  /  \  /  
 \/    \/    \/    \/    \/    \/    \/    \/   
 /\    /\    /\    /\    /\    /\    /\    /\   
/  \  /  \  /  \  /  \  /  \  /  \  /  \  /  \  

\  /  \  /  \  /  \  /  \  /  \  /  \  /  \  /  
 \/    \/    \/    \/    \/    \/    \/    \/   
 /\    /\    /\    /\    /\    /\    /\    /\   
/  \  /  \  /  \  /  \  /  \  /  \  /  \  /  \  

\  /  \  /  \  /  \  /  \  /  \  /  \  /  \  /  
 \/    \/    \/    \/    \/    \/    \/    \/   
 /\    /\    /\    /\    /\    /\    /\    /\   
/  \  /  \  /  \  /  \  /  \  /  \  /  \  /  \  

\  /  \  /  \  /  \  /  \  /  5555  \  /  \  /  
 \/    \/    \/    \/    \/   6666   \/    \/   
 /\    /\    /\    /\    /\   7777   /\    /\   
/  \  /  \  /  \  /  \  /  \  8888  /  \  /  \  

\  /  9999  \  /  \  /  \  /  \  /  \  /  \  /  
 \/   1010   \/    \/    \/    \/    \/    \/   
 /\   1011   /\    /\    /\    /\    /\    /\   
/  \  1012  /  \  /  \  /  \  /  \  /  \  /  \  

\  /  1111  \  /  \  /  \  /  \  /  \  /  \  /  
 \/   2222   \/    \/    \/    \/    \/    \/   
 /\   3333   /\    /\    /\    /\    /\    /\   
/  \  4444  /  \  /  \  /  \  /  \  /  \  /  \  

\  /  \  /  \  /  \  /  \  /  \  /  \  /  \  /  
 \/    \/    \/    \/    \/    \/    \/    \/   
 /\    /\    /\    /\    /\    /\    /\    /\   
/  \  /  \  /  \  /  \  /  \  /  \  /  \  /  \  



\  /  \  /  \  /  \  /  \  /  \  /  \  /  \  /  
 \/    \/    \/    \/    \/    \/    \/    \/   
 /\    /\    /\    /\    /\    /\    /\    /\   
/  \  /  \  /  \  /  \  /  \  /  \  /  \  /  \  

\  /  \  /  \  /  \  /  \  /  \  /  \  /  \  /  
 \/    \/    \/    \/    \/    \/    \/    \/   
 /\    /\    /\    /\    /\    /\    /\    /\   
/  \  /  \  /  \  /  \  /  \  /  \  /  \  /  \  

\  /  \  /  \  /  \  /  \  /  \  /  \  /  \  /  
 \/    \/    \/    \/    \/    \/    \/    \/   
 /\    /\    /\    /\    /\    /\    /\    /\   
/  \  /  \  /  \  /  \  /  \  /  \  /  \  /  \  

\  /  \  /  \  /  \  /  \  /  \  /  \  /  \  /  
 \/    \/    \/    \/    \/    \/    \/    \/   
 /\    /\    /\    /\    /\    /\    /\    /\   
/  \  /  \  /  \  /  \  /  \  /  \  /  \  /  \  

\  /  \  /  \  /  \  /  \  /  5555  \  /  \  /  
 \/    \/    \/    \/    \/   6666   \/    \/   
 /\    /\    /\    /\    /\   7777   /\    /\   
/  \  /  \  /  \  /  \  /  \  8888  /  \  /  \  

\  /  9999  \  /  \  /  \  /  \  /  \  /  \  /  
 \/   1010   \/    \/    \/    \/    \/    \/   
 /\   1011   /\    /\    /\    /\    /\    /\   
/  \  1012  /  \  /  \  /  \  /  \  /  \  /  \  

\  /  1111  \  /  \  /  \  /  \  /  1013  \  /  
 \/   2222   \/    \/    \/    \/   1014   \/   
 /\   3333   /\    /\    /\    /\   1015   /\   
/  \  4444  /  \  /  \  /  \  /  \  1016  /  \  

\  /  \  /  \  /  \  /  \  /  \  /  \  /  \  /  
 \/    \/    \/    \/    \/    \/    \/    \/   
 /\    /\    /\    /\    /\    /\    /\    /\   
/  \  /  \  /  \  /  \  /  \  /  \  /  \  /  \  


