\  /  \  /  \  /  \  /  \  /  \  /  \  /  \  /  
 \/    \/    \/    \/    \/    \/    \/    \/   
 /\    /\    /\    /\    /\    /\    /\    /\   
/  \  /  \  /  \  /  \  /  \  /  \  /  \  /  \  

\  /  \  /  \  /  \  /  \  /  \  /  \  /  \  /  
 \/    \/    \/    \/    \/    \/    \/    \/   
 /\    /\    /\    /\    /\    /\    /\    /\   
/  \  /  \  /  \  /  \  /  \  /  \  /  \  /  \  

\  /  \  /  \  /  \  /  \  /  \  /  \  /  \  /  
 \/    \/    \/    \/    \/    \/    \/    \/   
 /\    /\    /\    /\    /\    /\    /\    /\   
/  \  /  \  /  \  /  \  /  \  /  \  /  \  /  \  

\  /  \  /  \  /  \  /  \  /  \  /  \  /  \  /  
 \/    \/    \/    \/    \/    \/    \/    \/   
 /\    /\    /\    /\    /\    /\    /\    /\   
/  \  /  \  /  \  /  \  /  \  /  \  /  \  /  \  

\  /  \  /  \  /  \  /  \  /  5555  \  /  \  /  
 \/    \/    \/    \/    \/   6666   \/    \/   
 /\    /\    /\    /\    /\   7777   /\    /\   
/  \  /  \  /  \  /  \  /  \  8888  /  \  /  \  

\  /  9999  \  /  \  /  \  /  \  /  \  /  \  /  
 \/   1010   \/    \/    \/    \/    \/    \/   
 /\   1011   /\    /\    /\    /\    /\    /\   
/  \  1012  /  \  /  \  /  \  /  \  /  \  /  \  

\  /  1111  \  /  \  /  \  /  \  /  \  /  \  /  
 \/   2222   \/    \/    \/    \/    \/    \/   
 /\   3333   /\    /\    /\    /\    /\    /\   
/  \  4444  /  \  /  \  /  \  /  \  /  \  /  \  

\  /  \  /  \  /  \  /  \  /  \  /  \  /  \  /  
 \/    \/    \/    \/    \/    \/    \/    \/   
 /\    /\    /\    /\    /\    /\    /\    /\   
/  \  /  \  /  \  /  \  /  \  /  \  /  \  /  \  


The cell that you request is empty!

\  /  \  /  \  /  \  /  \  /  \  /  \  /  \  /  
 \/    \/    \/    \/    \/    \/    \/    \/   
 /\    /\    /\    /\    /\    /\    /\    /\   
/  \  /  \  /  \  /  \  /  \  /  \  /  \  /  \  

\  /  \  /  \  /  \  /  \  /  \  /  \  /  \  /  
 \/    \/    \/    \/    \/    \/    \/    \/   
 /\    /\    /\    /\    /\    /\    /\    /\   
/  \  /  \  /  \  /  \  /  \  /  \  /  \  /  \  

\  /  \  /  \  /  \  /  \  /  \  /  \  /  \  /  
 \/    \/    \/    \/    \/    \/    \/    \/   
 /\    /\    /\    /\    /\    /\    /\    /\   
/  \  /  \  /  \  /  \  /  \  /  \  /  \  /  \  

\  /  \  /  \  /  \  /  \  /  \  /  \  /  \  /  
 \/    \/    \/    \/    \/    \/    \/    \/   
 /\    /\    /\    /\    /\    /\    /\    /\   
/  \  /  \  /  \  /  \  /  \  /  \  /  \  /  \  

\  /  \  /  \  /  \  /  \  /  5555  \  /  \  /  
 \/    \/    \/    \/    \/   6666   \/    \/   
 /\    /\    /\    /\    /\   7777   /\    /\   
/  \  /  \  /  \  /  \  /  \  8888  /  \  /  \  

\  /  9999  \  /  \  /  \  /  \  /  \  /  \  /  
 \/   1010   \/    \/    \/    \/    \/    \/   
 /\   1011   /\    /\    /\    /\    /\    /\   
/  \  1012  /  \  /  \  /  \  /  \  /  \  /  \  

\  /  1111  \  /  \  /  \  /  \  /  \  /  \  /  
 \/   2222   \/    \/    \/    \/    \/    \/   
 /\   3333   /\    /\    /\    /\    /\    /\   
/  \  4444  /  \  /  \  /  \  /  \  /  \  /  \  

\  /  \  /  \  /  \  /  \  /  \  /  \  /  \  /  
 \/    \/    \/    \/    \/    \/    \/    \/   
 /\    /\    /\    /\    /\    /\    /\    /\   
/  \  /  \  /  \  /  \  /  \  /  \  /  \  /  \  


